data_testing
#
loop_
_atom_site.group_PDB
_atom_site.id
_atom_site.type_symbol
_atom_site.label_atom_id
_atom_site.label_alt_id
_atom_site.label_comp_id
_atom_site.label_asym_id
_atom_site.label_entity_id
_atom_site.label_seq_id
_atom_site.Cartn_x
_atom_site.Cartn_y
_atom_site.Cartn_z
_atom_site.pdbx_PDB_model_num
ATOM 1850 N N . TRP A 1 276 41.817 -11.416 41.202 1
ATOM 1851 C CA . TRP A 1 276 42.322 -12.728 40.820 1
ATOM 1852 C C . TRP A 1 276 43.857 -12.726 40.819 1
ATOM 1853 O O . TRP A 1 276 44.473 -13.655 41.350 1
ATOM 1854 C CB . TRP A 1 276 41.807 -13.174 39.446 1
ATOM 1855 C CG . TRP A 1 276 42.524 -14.431 38.994 1
ATOM 1856 C CD1 . TRP A 1 276 43.721 -14.507 38.322 1
ATOM 1857 C CD2 . TRP A 1 276 42.102 -15.790 39.213 1
ATOM 1858 N NE1 . TRP A 1 276 44.069 -15.825 38.118 1
ATOM 1859 C CE2 . TRP A 1 276 43.092 -16.630 38.643 1
ATOM 1860 C CE3 . TRP A 1 276 40.982 -16.375 39.831 1
ATOM 1861 C CZ2 . TRP A 1 276 43.002 -18.020 38.675 1
ATOM 1862 C CZ3 . TRP A 1 276 40.894 -17.759 39.870 1
ATOM 1863 C CH2 . TRP A 1 276 41.903 -18.570 39.286 1
ATOM 1864 H HA 1 TRP A 1 276 41.972 -13.437 41.541 1
ATOM 1865 H HB2 1 TRP A 1 276 40.757 -13.371 39.513 1
ATOM 1866 H HB3 1 TRP A 1 276 41.982 -12.393 38.736 1
ATOM 1867 H HD1 1 TRP A 1 276 44.267 -13.712 38.021 1
ATOM 1868 H HE1 1 TRP A 1 276 44.825 -16.114 37.702 1
ATOM 1869 H HE3 1 TRP A 1 276 40.258 -15.800 40.237 1
ATOM 1870 H HZ2 1 TRP A 1 276 43.719 -18.601 38.264 1
ATOM 1871 H HZ3 1 TRP A 1 276 40.102 -18.196 40.320 1
ATOM 1872 H HH2 1 TRP A 1 276 41.810 -19.575 39.321 1
#
