data_rotag
#
loop_
_atom_site.group_PDB
_atom_site.id
_atom_site.type_symbol
_atom_site.label_atom_id
_atom_site.label_alt_id
_atom_site.label_comp_id
_atom_site.label_asym_id
_atom_site.label_entity_id
_atom_site.label_seq_id
_atom_site.Cartn_x
_atom_site.Cartn_y
_atom_site.Cartn_z
_atom_site.pdbx_PDB_model_num
ATOM 777 N N . VAL A 1 100 18.644 -6.086 59.688 1
ATOM 778 C CA . VAL A 1 100 17.670 -5.078 59.320 1
ATOM 779 C C . VAL A 1 100 18.134 -4.373 58.045 1
ATOM 780 O O . VAL A 1 100 17.344 -4.202 57.114 1
ATOM 781 C CB . VAL A 1 100 17.442 -4.057 60.447 1
ATOM 782 C CG1 . VAL A 1 100 16.551 -2.913 59.956 1
ATOM 783 C CG2 . VAL A 1 100 16.837 -4.744 61.698 1
ATOM 784 H H 1 VAL A 1 100 19.566 -5.687 59.515 1
ATOM 785 H H2 1 VAL A 1 100 18.467 -6.900 59.100 1
ATOM 786 H HA 1 VAL A 1 100 16.737 -5.562 59.118 1
ATOM 787 H HB 1 VAL A 1 100 18.391 -3.647 60.722 1
ATOM 788 H HG11 1 VAL A 1 100 16.830 -2.646 58.958 1
ATOM 789 H HG12 1 VAL A 1 100 16.671 -2.066 60.598 1
ATOM 790 H HG13 1 VAL A 1 100 15.528 -3.227 59.968 1
ATOM 791 H HG21 1 VAL A 1 100 15.790 -4.902 61.547 1
ATOM 792 H HG22 1 VAL A 1 100 16.983 -4.119 62.554 1
ATOM 793 H HG23 1 VAL A 1 100 17.320 -5.685 61.857 1
#
