$VAR1 = bless( {
  '_atoms' => {
    '78' => {
      'B_iso_or_equiv' => '36.24',
      'B_iso_or_equiv_esd' => '?',
      'Cartn_x' => '7.487',
      'Cartn_x_esd' => '?',
      'Cartn_y' => '1.467',
      'Cartn_y_esd' => '?',
      'Cartn_z' => '78.499',
      'Cartn_z_esd' => '?',
      'auth_asym_id' => 'A',
      'auth_atom_id' => 'N',
      'auth_comp_id' => 'GLU',
      'auth_seq_id' => '59',
      'group_PDB' => 'ATOM',
      'id' => '78',
      'label_alt_id' => '.',
      'label_asym_id' => 'A',
      'label_atom_id' => 'N',
      'label_comp_id' => 'GLU',
      'label_entity_id' => '1',
      'label_seq_id' => '14',
      'occupancy' => '1.00',
      'occupancy_esd' => '?',
      'pdbx_PDB_ins_code' => '?',
      'pdbx_PDB_model_num' => '1',
      'pdbx_formal_charge' => '?',
      'type_symbol' => 'N'
    },
    '79' => {
      'B_iso_or_equiv' => '40.01',
      'B_iso_or_equiv_esd' => '?',
      'Cartn_x' => '6.301',
      'Cartn_x_esd' => '?',
      'Cartn_y' => '1.778',
      'Cartn_y_esd' => '?',
      'Cartn_z' => '77.693',
      'Cartn_z_esd' => '?',
      'auth_asym_id' => 'A',
      'auth_atom_id' => 'CA',
      'auth_comp_id' => 'GLU',
      'auth_seq_id' => '59',
      'group_PDB' => 'ATOM',
      'id' => '79',
      'label_alt_id' => '.',
      'label_asym_id' => 'A',
      'label_atom_id' => 'CA',
      'label_comp_id' => 'GLU',
      'label_entity_id' => '1',
      'label_seq_id' => '14',
      'occupancy' => '1.00',
      'occupancy_esd' => '?',
      'pdbx_PDB_ins_code' => '?',
      'pdbx_PDB_model_num' => '1',
      'pdbx_formal_charge' => '?',
      'type_symbol' => 'C'
    },
    '80' => {
      'B_iso_or_equiv' => '39.03',
      'B_iso_or_equiv_esd' => '?',
      'Cartn_x' => '6.534',
      'Cartn_x_esd' => '?',
      'Cartn_y' => '1.406',
      'Cartn_y_esd' => '?',
      'Cartn_z' => '76.259',
      'Cartn_z_esd' => '?',
      'auth_asym_id' => 'A',
      'auth_atom_id' => 'C',
      'auth_comp_id' => 'GLU',
      'auth_seq_id' => '59',
      'group_PDB' => 'ATOM',
      'id' => '80',
      'label_alt_id' => '.',
      'label_asym_id' => 'A',
      'label_atom_id' => 'C',
      'label_comp_id' => 'GLU',
      'label_entity_id' => '1',
      'label_seq_id' => '14',
      'occupancy' => '1.00',
      'occupancy_esd' => '?',
      'pdbx_PDB_ins_code' => '?',
      'pdbx_PDB_model_num' => '1',
      'pdbx_formal_charge' => '?',
      'type_symbol' => 'C'
    },
    '81' => {
      'B_iso_or_equiv' => '36.55',
      'B_iso_or_equiv_esd' => '?',
      'Cartn_x' => '5.644',
      'Cartn_x_esd' => '?',
      'Cartn_y' => '0.872',
      'Cartn_y_esd' => '?',
      'Cartn_z' => '75.606',
      'Cartn_z_esd' => '?',
      'auth_asym_id' => 'A',
      'auth_atom_id' => 'O',
      'auth_comp_id' => 'GLU',
      'auth_seq_id' => '59',
      'group_PDB' => 'ATOM',
      'id' => '81',
      'label_alt_id' => '.',
      'label_asym_id' => 'A',
      'label_atom_id' => 'O',
      'label_comp_id' => 'GLU',
      'label_entity_id' => '1',
      'label_seq_id' => '14',
      'occupancy' => '1.00',
      'occupancy_esd' => '?',
      'pdbx_PDB_ins_code' => '?',
      'pdbx_PDB_model_num' => '1',
      'pdbx_formal_charge' => '?',
      'type_symbol' => 'O'
    },
    '82' => {
      'B_iso_or_equiv' => '27.94',
      'B_iso_or_equiv_esd' => '?',
      'Cartn_x' => '5.925',
      'Cartn_x_esd' => '?',
      'Cartn_y' => '3.253',
      'Cartn_y_esd' => '?',
      'Cartn_z' => '77.793',
      'Cartn_z_esd' => '?',
      'auth_asym_id' => 'A',
      'auth_atom_id' => 'CB',
      'auth_comp_id' => 'GLU',
      'auth_seq_id' => '59',
      'group_PDB' => 'ATOM',
      'id' => '82',
      'label_alt_id' => '.',
      'label_asym_id' => 'A',
      'label_atom_id' => 'CB',
      'label_comp_id' => 'GLU',
      'label_entity_id' => '1',
      'label_seq_id' => '14',
      'occupancy' => '1.00',
      'occupancy_esd' => '?',
      'pdbx_PDB_ins_code' => '?',
      'pdbx_PDB_model_num' => '1',
      'pdbx_formal_charge' => '?',
      'type_symbol' => 'C'
    },
    '83' => {
      'B_iso_or_equiv' => '31.71',
      'B_iso_or_equiv_esd' => '?',
      'Cartn_x' => '5.461',
      'Cartn_x_esd' => '?',
      'Cartn_y' => '3.701',
      'Cartn_y_esd' => '?',
      'Cartn_z' => '79.185',
      'Cartn_z_esd' => '?',
      'auth_asym_id' => 'A',
      'auth_atom_id' => 'CG',
      'auth_comp_id' => 'GLU',
      'auth_seq_id' => '59',
      'group_PDB' => 'ATOM',
      'id' => '83',
      'label_alt_id' => '.',
      'label_asym_id' => 'A',
      'label_atom_id' => 'CG',
      'label_comp_id' => 'GLU',
      'label_entity_id' => '1',
      'label_seq_id' => '14',
      'occupancy' => '1.00',
      'occupancy_esd' => '?',
      'pdbx_PDB_ins_code' => '?',
      'pdbx_PDB_model_num' => '1',
      'pdbx_formal_charge' => '?',
      'type_symbol' => 'C'
    },
    '84' => {
      'B_iso_or_equiv' => '45.80',
      'B_iso_or_equiv_esd' => '?',
      'Cartn_x' => '4.100',
      'Cartn_x_esd' => '?',
      'Cartn_y' => '3.051',
      'Cartn_y_esd' => '?',
      'Cartn_z' => '79.575',
      'Cartn_z_esd' => '?',
      'auth_asym_id' => 'A',
      'auth_atom_id' => 'CD',
      'auth_comp_id' => 'GLU',
      'auth_seq_id' => '59',
      'group_PDB' => 'ATOM',
      'id' => '84',
      'label_alt_id' => '.',
      'label_asym_id' => 'A',
      'label_atom_id' => 'CD',
      'label_comp_id' => 'GLU',
      'label_entity_id' => '1',
      'label_seq_id' => '14',
      'occupancy' => '1.00',
      'occupancy_esd' => '?',
      'pdbx_PDB_ins_code' => '?',
      'pdbx_PDB_model_num' => '1',
      'pdbx_formal_charge' => '?',
      'type_symbol' => 'C'
    },
    '85' => {
      'B_iso_or_equiv' => '35.77',
      'B_iso_or_equiv_esd' => '?',
      'Cartn_x' => '3.337',
      'Cartn_x_esd' => '?',
      'Cartn_y' => '2.648',
      'Cartn_y_esd' => '?',
      'Cartn_z' => '78.656',
      'Cartn_z_esd' => '?',
      'auth_asym_id' => 'A',
      'auth_atom_id' => 'OE1',
      'auth_comp_id' => 'GLU',
      'auth_seq_id' => '59',
      'group_PDB' => 'ATOM',
      'id' => '85',
      'label_alt_id' => '.',
      'label_asym_id' => 'A',
      'label_atom_id' => 'OE1',
      'label_comp_id' => 'GLU',
      'label_entity_id' => '1',
      'label_seq_id' => '14',
      'occupancy' => '1.00',
      'occupancy_esd' => '?',
      'pdbx_PDB_ins_code' => '?',
      'pdbx_PDB_model_num' => '1',
      'pdbx_formal_charge' => '?',
      'type_symbol' => 'O'
    },
    '86' => {
      'B_iso_or_equiv' => '37.84',
      'B_iso_or_equiv_esd' => '?',
      'Cartn_x' => '3.764',
      'Cartn_x_esd' => '?',
      'Cartn_y' => '3.002',
      'Cartn_y_esd' => '?',
      'Cartn_z' => '80.781',
      'Cartn_z_esd' => '?',
      'auth_asym_id' => 'A',
      'auth_atom_id' => 'OE2',
      'auth_comp_id' => 'GLU',
      'auth_seq_id' => '59',
      'group_PDB' => 'ATOM',
      'id' => '86',
      'label_alt_id' => '.',
      'label_asym_id' => 'A',
      'label_atom_id' => 'OE2',
      'label_comp_id' => 'GLU',
      'label_entity_id' => '1',
      'label_seq_id' => '14',
      'occupancy' => '1.00',
      'occupancy_esd' => '?',
      'pdbx_PDB_ins_code' => '?',
      'pdbx_PDB_model_num' => '1',
      'pdbx_formal_charge' => '?',
      'type_symbol' => 'O'
    },
    '8641' => {
      'B_iso_or_equiv' => '59.59',
      'B_iso_or_equiv_esd' => '?',
      'Cartn_x' => '7.318',
      'Cartn_x_esd' => '?',
      'Cartn_y' => '28.972',
      'Cartn_y_esd' => '?',
      'Cartn_z' => '58.662',
      'Cartn_z_esd' => '?',
      'auth_asym_id' => 'B',
      'auth_atom_id' => 'N',
      'auth_comp_id' => 'LYS',
      'auth_seq_id' => '617',
      'group_PDB' => 'ATOM',
      'id' => '8641',
      'label_alt_id' => '.',
      'label_asym_id' => 'B',
      'label_atom_id' => 'N',
      'label_comp_id' => 'LYS',
      'label_entity_id' => '1',
      'label_seq_id' => '572',
      'occupancy' => '1.00',
      'occupancy_esd' => '?',
      'pdbx_PDB_ins_code' => '?',
      'pdbx_PDB_model_num' => '1',
      'pdbx_formal_charge' => '?',
      'type_symbol' => 'N'
    },
    '8642' => {
      'B_iso_or_equiv' => '56.54',
      'B_iso_or_equiv_esd' => '?',
      'Cartn_x' => '8.688',
      'Cartn_x_esd' => '?',
      'Cartn_y' => '29.233',
      'Cartn_y_esd' => '?',
      'Cartn_z' => '59.109',
      'Cartn_z_esd' => '?',
      'auth_asym_id' => 'B',
      'auth_atom_id' => 'CA',
      'auth_comp_id' => 'LYS',
      'auth_seq_id' => '617',
      'group_PDB' => 'ATOM',
      'id' => '8642',
      'label_alt_id' => '.',
      'label_asym_id' => 'B',
      'label_atom_id' => 'CA',
      'label_comp_id' => 'LYS',
      'label_entity_id' => '1',
      'label_seq_id' => '572',
      'occupancy' => '1.00',
      'occupancy_esd' => '?',
      'pdbx_PDB_ins_code' => '?',
      'pdbx_PDB_model_num' => '1',
      'pdbx_formal_charge' => '?',
      'type_symbol' => 'C'
    },
    '8643' => {
      'B_iso_or_equiv' => '47.68',
      'B_iso_or_equiv_esd' => '?',
      'Cartn_x' => '9.372',
      'Cartn_x_esd' => '?',
      'Cartn_y' => '30.320',
      'Cartn_y_esd' => '?',
      'Cartn_z' => '58.273',
      'Cartn_z_esd' => '?',
      'auth_asym_id' => 'B',
      'auth_atom_id' => 'C',
      'auth_comp_id' => 'LYS',
      'auth_seq_id' => '617',
      'group_PDB' => 'ATOM',
      'id' => '8643',
      'label_alt_id' => '.',
      'label_asym_id' => 'B',
      'label_atom_id' => 'C',
      'label_comp_id' => 'LYS',
      'label_entity_id' => '1',
      'label_seq_id' => '572',
      'occupancy' => '1.00',
      'occupancy_esd' => '?',
      'pdbx_PDB_ins_code' => '?',
      'pdbx_PDB_model_num' => '1',
      'pdbx_formal_charge' => '?',
      'type_symbol' => 'C'
    },
    '8644' => {
      'B_iso_or_equiv' => '47.02',
      'B_iso_or_equiv_esd' => '?',
      'Cartn_x' => '10.237',
      'Cartn_x_esd' => '?',
      'Cartn_y' => '30.014',
      'Cartn_y_esd' => '?',
      'Cartn_z' => '57.450',
      'Cartn_z_esd' => '?',
      'auth_asym_id' => 'B',
      'auth_atom_id' => 'O',
      'auth_comp_id' => 'LYS',
      'auth_seq_id' => '617',
      'group_PDB' => 'ATOM',
      'id' => '8644',
      'label_alt_id' => '.',
      'label_asym_id' => 'B',
      'label_atom_id' => 'O',
      'label_comp_id' => 'LYS',
      'label_entity_id' => '1',
      'label_seq_id' => '572',
      'occupancy' => '1.00',
      'occupancy_esd' => '?',
      'pdbx_PDB_ins_code' => '?',
      'pdbx_PDB_model_num' => '1',
      'pdbx_formal_charge' => '?',
      'type_symbol' => 'O'
    },
    '8645' => {
      'B_iso_or_equiv' => '57.61',
      'B_iso_or_equiv_esd' => '?',
      'Cartn_x' => '9.502',
      'Cartn_x_esd' => '?',
      'Cartn_y' => '27.943',
      'Cartn_y_esd' => '?',
      'Cartn_z' => '59.054',
      'Cartn_z_esd' => '?',
      'auth_asym_id' => 'B',
      'auth_atom_id' => 'CB',
      'auth_comp_id' => 'LYS',
      'auth_seq_id' => '617',
      'group_PDB' => 'ATOM',
      'id' => '8645',
      'label_alt_id' => '.',
      'label_asym_id' => 'B',
      'label_atom_id' => 'CB',
      'label_comp_id' => 'LYS',
      'label_entity_id' => '1',
      'label_seq_id' => '572',
      'occupancy' => '1.00',
      'occupancy_esd' => '?',
      'pdbx_PDB_ins_code' => '?',
      'pdbx_PDB_model_num' => '1',
      'pdbx_formal_charge' => '?',
      'type_symbol' => 'C'
    },
    '8646' => {
      'B_iso_or_equiv' => '54.96',
      'B_iso_or_equiv_esd' => '?',
      'Cartn_x' => '9.222',
      'Cartn_x_esd' => '?',
      'Cartn_y' => '26.986',
      'Cartn_y_esd' => '?',
      'Cartn_z' => '60.191',
      'Cartn_z_esd' => '?',
      'auth_asym_id' => 'B',
      'auth_atom_id' => 'CG',
      'auth_comp_id' => 'LYS',
      'auth_seq_id' => '617',
      'group_PDB' => 'ATOM',
      'id' => '8646',
      'label_alt_id' => '.',
      'label_asym_id' => 'B',
      'label_atom_id' => 'CG',
      'label_comp_id' => 'LYS',
      'label_entity_id' => '1',
      'label_seq_id' => '572',
      'occupancy' => '1.00',
      'occupancy_esd' => '?',
      'pdbx_PDB_ins_code' => '?',
      'pdbx_PDB_model_num' => '1',
      'pdbx_formal_charge' => '?',
      'type_symbol' => 'C'
    },
    '8647' => {
      'B_iso_or_equiv' => '65.85',
      'B_iso_or_equiv_esd' => '?',
      'Cartn_x' => '9.975',
      'Cartn_x_esd' => '?',
      'Cartn_y' => '25.693',
      'Cartn_y_esd' => '?',
      'Cartn_z' => '59.978',
      'Cartn_z_esd' => '?',
      'auth_asym_id' => 'B',
      'auth_atom_id' => 'CD',
      'auth_comp_id' => 'LYS',
      'auth_seq_id' => '617',
      'group_PDB' => 'ATOM',
      'id' => '8647',
      'label_alt_id' => '.',
      'label_asym_id' => 'B',
      'label_atom_id' => 'CD',
      'label_comp_id' => 'LYS',
      'label_entity_id' => '1',
      'label_seq_id' => '572',
      'occupancy' => '1.00',
      'occupancy_esd' => '?',
      'pdbx_PDB_ins_code' => '?',
      'pdbx_PDB_model_num' => '1',
      'pdbx_formal_charge' => '?',
      'type_symbol' => 'C'
    },
    '8648' => {
      'B_iso_or_equiv' => '75.43',
      'B_iso_or_equiv_esd' => '?',
      'Cartn_x' => '10.073',
      'Cartn_x_esd' => '?',
      'Cartn_y' => '24.904',
      'Cartn_y_esd' => '?',
      'Cartn_z' => '61.264',
      'Cartn_z_esd' => '?',
      'auth_asym_id' => 'B',
      'auth_atom_id' => 'CE',
      'auth_comp_id' => 'LYS',
      'auth_seq_id' => '617',
      'group_PDB' => 'ATOM',
      'id' => '8648',
      'label_alt_id' => '.',
      'label_asym_id' => 'B',
      'label_atom_id' => 'CE',
      'label_comp_id' => 'LYS',
      'label_entity_id' => '1',
      'label_seq_id' => '572',
      'occupancy' => '1.00',
      'occupancy_esd' => '?',
      'pdbx_PDB_ins_code' => '?',
      'pdbx_PDB_model_num' => '1',
      'pdbx_formal_charge' => '?',
      'type_symbol' => 'C'
    },
    '8649' => {
      'B_iso_or_equiv' => '81.59',
      'B_iso_or_equiv_esd' => '?',
      'Cartn_x' => '10.746',
      'Cartn_x_esd' => '?',
      'Cartn_y' => '25.690',
      'Cartn_y_esd' => '?',
      'Cartn_z' => '62.333',
      'Cartn_z_esd' => '?',
      'auth_asym_id' => 'B',
      'auth_atom_id' => 'NZ',
      'auth_comp_id' => 'LYS',
      'auth_seq_id' => '617',
      'group_PDB' => 'ATOM',
      'id' => '8649',
      'label_alt_id' => '.',
      'label_asym_id' => 'B',
      'label_atom_id' => 'NZ',
      'label_comp_id' => 'LYS',
      'label_entity_id' => '1',
      'label_seq_id' => '572',
      'occupancy' => '1.00',
      'occupancy_esd' => '?',
      'pdbx_PDB_ins_code' => '?',
      'pdbx_PDB_model_num' => '1',
      'pdbx_formal_charge' => '?',
      'type_symbol' => 'N'
    }
  },
  '_last_atom_id' => '86'
}, 'AtomSite' );
