CB: N,CA,CB 
CG: N,CA,CB CA,CB,CG 
ND1: N,CA,CB CA,CB,CG CB,CG,ND1 
CD2: N,CA,CB CA,CB,CG CB,CG,CD2 
CE1: N,CA,CB CA,CB,CG CB,CG,ND1 CG,ND1,CE1 
NE2: N,CA,CB CA,CB,CG CB,CG,CD2 CG,CD2,NE2 
