-0.540537683059741	0.198352065554485	0.817603492704549	-55.32
-0.840300188053802	-0.175114599219771	-0.513059909851515	-109.795
0.0414078150733958	-0.964360583615055	0.261331317718484	-6.452
0	0	0	1

1	0	0	0
0	1	0	0
0	0	1	$r
0	0	0	1

-0.540537683059741	-0.840300188053802	0.0414078150733958	-121.896140551378
0.198352065554486	-0.175114599219771	-0.964360583615055	-14.4759256403449
0.817603492704549	-0.513059909851515	0.261331317718484	-9.41547792381174
0	0	0	1
