572 B 1 . chi1 -76.9
572 B 1 . chi2 174.7
572 B 1 . chi3 162.2
572 B 1 . chi4 -58.1
