$VAR1 = bless( {
  'atom_order' => {
    '725' => 1,
    '726' => 2,
    '727' => 3,
    '728' => 5,
    '729' => 4,
    '730' => 6,
    '731' => 7,
    '732' => 8,
    '733' => 9,
    '734' => 10
  },
  'to' => {
    '726' => '725',
    '727' => '726',
    '728' => '727',
    '729' => '726',
    '730' => '729',
    '731' => '730',
    '732' => '730',
    '733' => '731',
    '734' => '732'
  }
}, 'BondPath' );
