1, chi1, 234.000
2, chi1, 252.000
3, chi1, 270.000
