219 A 1 . 264 A chi1 -161.3
219 A 1 . 264 A chi2 65.2
