-1.926 -0.187 -1.025 
1.363 -2.163 -2.168 
-0.378 -1.162 0.922 
