data "model"
6
testing
N	-55.320	-109.795	-6.452
C	-54.128	-110.543	-6.071
C	-53.415	-111.063	-7.316
O	-52.258	-111.482	-7.255
C	-54.506	-111.705	-5.149
O	-54.962	-111.220	-3.896
end "model"
draw line1{-52.258, -111.705, -3.896}{-52.258, -111.705, -7.316};draw line2{-52.258, -111.705, -3.896}{-52.258, -109.795, -3.896};draw line3{-52.258, -111.705, -3.896}{-55.320, -111.705, -3.896};draw line4{-55.320, -109.795, -3.896}{-55.320, -109.795, -7.316};draw line5{-55.320, -109.795, -3.896}{-55.320, -111.705, -3.896};draw line6{-55.320, -109.795, -3.896}{-52.258, -109.795, -3.896};draw line7{-55.320, -111.705, -7.316}{-55.320, -111.705, -3.896};draw line8{-55.320, -111.705, -7.316}{-55.320, -109.795, -7.316};draw line9{-55.320, -111.705, -7.316}{-52.258, -111.705, -7.316};draw line10{-52.258, -109.795, -7.316}{-52.258, -109.795, -3.896};draw line11{-52.258, -109.795, -7.316}{-52.258, -111.705, -7.316};draw line12{-52.258, -109.795, -7.316}{-55.320, -109.795, -7.316};