18 N -55.320 -109.795 -6.452
18 CA -54.128 -110.543 -6.071
18 C -53.415 -111.063 -7.316
18 O -52.258 -111.482 -7.255
18 CB -54.506 -111.705 -5.149
18 OG -54.962 -111.220 -3.896
