readline() on closed filehandle $fh at ./tests/cases/../scripts/filter line 34.
Use of uninitialized value $atom_site in eval "string" at ./tests/cases/../scripts/filter line 38.
No PDBx data structure was loaded  at tests/cases/../../lib/PDBxParser.pm line 123.
