data_testing
#
loop_
_atom_site.group_PDB
_atom_site.id
_atom_site.type_symbol
_atom_site.label_atom_id
_atom_site.label_alt_id
_atom_site.label_comp_id
_atom_site.label_asym_id
_atom_site.label_entity_id
_atom_site.label_seq_id
_atom_site.Cartn_x
_atom_site.Cartn_y
_atom_site.Cartn_z
HETATM 10739 MG MG . MG O 7 . 56.973 -18.134 69.581
#
