data_rotag
#
loop_
_atom_site.group_PDB
_atom_site.id
_atom_site.type_symbol
_atom_site.label_atom_id
_atom_site.label_alt_id
_atom_site.label_comp_id
_atom_site.label_asym_id
_atom_site.label_entity_id
_atom_site.label_seq_id
_atom_site.Cartn_x
_atom_site.Cartn_y
_atom_site.Cartn_z
_atom_site.pdbx_PDB_model_num
ATOM 8409 N N . LEU B 1 546 -2.622 35.396 50.174 1
ATOM 8410 C CA . LEU B 1 546 -3.888 36.087 50.407 1
ATOM 8411 C C . LEU B 1 546 -5.068 35.294 49.856 1
ATOM 8412 O O . LEU B 1 546 -6.155 35.313 50.423 1
ATOM 8413 C CB . LEU B 1 546 -3.870 37.484 49.774 1
ATOM 8414 C CG . LEU B 1 546 -5.177 38.268 49.903 1
ATOM 8415 C CD1 . LEU B 1 546 -5.406 38.667 51.345 1
ATOM 8416 C CD2 . LEU B 1 546 -5.231 39.489 48.978 1
ATOM 8417 C CG 1 LEU B 1 546 -2.571042 37.849690 49.053914 1
ATOM 8418 C CD1 1 LEU B 1 546 -2.671175 39.243726 48.472843 1
ATOM 8419 C CD2 1 LEU B 1 546 -1.335913 37.714012 49.951372 1
#
