#residue_id,chi0,chi1,chi2,chi3,chi4
18,0.0,,,,
18,18.0,,,,
18,36.0,,,,
18,54.0,,,,
18,72.0,,,,
18,90.0,,,,
18,144.0,,,,
18,162.0,,,,
18,180.0,,,,
18,198.0,,,,
18,216.0,,,,
18,234.0,,,,
18,252.0,,,,
18,270.0,,,,
18,288.0,,,,
18,306.0,,,,
18,324.0,,,,
18,342.0,,,,
