13
testing
N	7.318	28.972	58.662
C	8.688	29.233	59.109
C	9.372	30.320	58.273
O	10.237	30.014	57.450
C	9.502	27.943	59.054
C	9.222	26.986	60.191
C	9.975	25.693	59.978
C	10.073	24.904	61.264
N	10.746	25.690	62.333
C	8.724	26.741	58.566
C	9.614	25.520	58.548
C	11.010	25.859	59.020
N	11.129	27.299	59.373
