data_rotag
#
loop_
_atom_site.group_PDB
_atom_site.id
_atom_site.type_symbol
_atom_site.label_atom_id
_atom_site.label_alt_id
_atom_site.label_comp_id
_atom_site.label_asym_id
_atom_site.label_entity_id
_atom_site.label_seq_id
_atom_site.Cartn_x
_atom_site.Cartn_y
_atom_site.Cartn_z
_atom_site.auth_asym_id
_atom_site.auth_seq_id
_atom_site.pdbx_PDB_model_num
ATOM 78 N N . GLU A 1 14 7.487 1.467 78.499 A 59 1
ATOM 79 C CA . GLU A 1 14 6.301 1.778 77.693 A 59 1
ATOM 80 C C . GLU A 1 14 6.534 1.406 76.259 A 59 1
ATOM 81 O O . GLU A 1 14 5.644 0.872 75.606 A 59 1
ATOM 82 C CB . GLU A 1 14 5.925 3.253 77.793 A 59 1
ATOM 83 C CG . GLU A 1 14 5.461 3.701 79.185 A 59 1
ATOM 84 C CD . GLU A 1 14 4.100 3.051 79.575 A 59 1
ATOM 85 O OE1 . GLU A 1 14 3.337 2.648 78.656 A 59 1
ATOM 86 O OE2 . GLU A 1 14 3.764 3.002 80.781 A 59 1
ATOM 87 C CG 1 GLU A 1 14 6.844018 4.086761 78.695171 A 59 1
ATOM 88 C CD 1 GLU A 1 14 6.399286 5.578847 78.748218 A 59 1
ATOM 89 O OE1 1 GLU A 1 14 5.388009 5.932367 78.083777 A 59 1
ATOM 90 O OE2 1 GLU A 1 14 7.088042 6.404314 79.391608 A 59 1
#
