19
testing
N	-55.320	-109.795	-6.452
C	-54.128	-110.543	-6.071
C	-53.415	-111.063	-7.316
O	-52.258	-111.482	-7.255
C	-54.506	-111.705	-5.149
O	-54.962	-111.220	-3.896
O	-55.907	-111.728	-4.924
O	-55.869	-112.057	-5.323
O	-55.643	-112.390	-5.650
O	-55.263	-112.676	-5.854
O	-54.786	-112.872	-5.906
O	-54.285	-112.948	-5.796
O	-53.837	-112.893	-5.543
O	-53.509	-112.714	-5.183
O	-53.352	-112.439	-4.773
O	-53.389	-112.111	-4.374
O	-53.615	-111.778	-4.047
O	-53.996	-111.492	-3.842
O	-54.473	-111.296	-3.791
