data_testing
#
_audit_conform.dict_name mmcif_pdbx.dic
#
_citation.id primary
_citation.title 'Nop9 is a PUF-like protein that prevents premature cleavage to correctly process pre-18S rRNA.'
#
_entity_poly.pdbx_seq_one_letter_code 
;ETQPQMFFGVLDREELEYFKQAESTLQLDAFEAPEEKFQFVTSIIEEAKGKELKLVTSQITSKLMERVILECDETQLKDI
FQSFNGVFFGLSCHKYASHVLETLFVRSAALVERELLTPSFDNNEKEGPYVTMENMFLFMLNELKPHLKTMMNHQYASHV
LRLLILILSSKTLPNSTKANSTLRSKKSKIARKMIDIKDNDDFNKVYQTPESFKSELRDIITTLYKGFTNGAESRSDISQ
STITKFREYSVDKVASPVIQLIIQVEGIFDRDRSFWRLVFNTADEKDPKEESFLEYLLSDPVGSHFLENVIGSARLKYVE
RLYRLYMKDRIVKLAKRDTTGAFVVRALLEHLKEKDVKQILDAVVPELSMLLNSNMDFGTAIINTSNKQGGYLRDDVIAQ
LIQKYYPEKSDAKNILESCLLLSASTLGNTRDDWPTAEERRRSVFLEQLIDYDDKFLNITIDSMLALPEERLIQMCYHGV
FSHVVEHVLQTTRVDIIKRKMLLNILSKESVNLACNVYGSHIMDKLWEFTAKLTLYKERIARALVLETEKVKNSIYGRQV
WKNWKLELYVRKMWDWKKLIKEQEFEIFPNSKPLQPKPEK
;
#
_entry.id 5SVD
#
