data_rotag
#
loop_
_atom_site.group_PDB
_atom_site.id
_atom_site.type_symbol
_atom_site.label_atom_id
_atom_site.label_alt_id
_atom_site.label_comp_id
_atom_site.label_asym_id
_atom_site.label_entity_id
_atom_site.label_seq_id
_atom_site.Cartn_x
_atom_site.Cartn_y
_atom_site.Cartn_z
_atom_site.auth_asym_id
_atom_site.auth_seq_id
_atom_site.pdbx_PDB_model_num
ATOM 1 C CA . XAA A 1 18 -54.128 -110.543 -6.071 A 18 1
ATOM 2 C CB . XAA A 1 18 -54.506 -111.705 -5.149 A 18 1
ATOM 3 C CG . XAA A 1 18 -55.743660 -112.445098 -5.689143 A 18 1
ATOM 4 X XA . XAA A 1 18 -54.825 -110.501 -6.908 A 18 1
ATOM 5 X XA2 . XAA A 1 18 -53.117 -110.694 -6.448 A 18 1
ATOM 6 C C . SER A 1 19 -56.270 -110.188 -0.743 A 19 1
#
