Error: rotag_rmsd: there has to be two groups of atoms to be compared against.
