CB: CA,CB 
CG: CA,CB CB,CG 
ND2: CA,CB CB,CG 
OD1: CA,CB CB,CG 
