$VAR1 = [
  [
    [
      '0.117884081823142',
      '-0.961834448329561',
      '-0.246936909471395',
      '-54.128'
    ],
    [
      '0.593417126995869',
      '0.267618634592415',
      '-0.759102351337987',
      '-110.543'
    ],
    [
      '0.796215709868051',
      '-0.0570505076704875',
      '0.602317011991074',
      '-6.071'
    ],
    [
      0,
      0,
      0,
      1
    ]
  ],
  bless( {
    'is_evaluated' => undef,
    'matrix' => sub {
        package AlterMolecule;
        use warnings;
        use strict;
        my($svar) = @_;
        return [[1, 0, 0, 0], [0, 1, 0, 0], [0, 0, 1, $svar], [0, 0, 0, 1]];
    },
    'symbols' => [
      'CA-CB'
    ]
  }, 'Symbolic' ),
  [
    [
      '0.374130118720282',
      '0.32624185438099',
      '0.868097291043119',
      '-1.4210854715202e-14'
    ],
    [
      '-0.927376220455511',
      '0.131615304575237',
      '0.350215301400752',
      '0'
    ],
    [
      '8.32667268468867e-17',
      '-0.936078877045957',
      '0.351790187396379',
      '1.53075536909071'
    ],
    [
      0,
      0,
      0,
      1
    ]
  ],
  bless( {
    'is_evaluated' => undef,
    'matrix' => sub {
        package AlterMolecule;
        use warnings;
        use strict;
        my($svar) = @_;
        return [[1, 0, 0, 0], [0, 1, 0, 0], [0, 0, 1, $svar], [0, 0, 0, 1]];
    },
    'symbols' => [
      'CB-OG'
    ]
  }, 'Symbolic' ),
  [
    [
      '-2.1316282072803e-14'
    ],
    [
      '-2.8421709430404e-14'
    ],
    [
      '1.41886222023141'
    ],
    [
      1
    ]
  ]
];
