data_rotag
#
loop_
_atom_site.group_PDB
_atom_site.id
_atom_site.type_symbol
_atom_site.label_atom_id
_atom_site.label_alt_id
_atom_site.label_comp_id
_atom_site.label_asym_id
_atom_site.label_entity_id
_atom_site.label_seq_id
_atom_site.Cartn_x
_atom_site.Cartn_y
_atom_site.Cartn_z
_atom_site.pdbx_PDB_model_num
ATOM 8409 N N . TRP B 1 546 -2.622 35.396 50.174 1
ATOM 8410 C CA . TRP B 1 546 -3.888 36.087 50.407 1
ATOM 8411 C C . TRP B 1 546 -5.068 35.294 49.856 1
ATOM 8412 O O . TRP B 1 546 -6.155 35.313 50.423 1
ATOM 8417 C CZ3 . TRP B 1 546 -4.821 40.149 53.409 1
ATOM 8418 C CH2 . TRP B 1 546 -3.741 40.913 53.872 1
ATOM 8419 C CB . TRP B 1 546 -3.781 37.487 49.741 1
ATOM 8420 C CG . TRP B 1 546 -3.004 38.526 50.555 1
ATOM 8421 C CD1 . TRP B 1 546 -1.644 38.858 50.381 1
ATOM 8422 C CD2 . TRP B 1 546 -3.435 39.255 51.644 1
ATOM 8423 C CE2 . TRP B 1 546 -2.339 40.021 52.115 1
ATOM 8424 C CE3 . TRP B 1 546 -4.690 39.311 52.302 1
ATOM 8425 N NE1 . TRP B 1 546 -1.211 39.791 51.342 1
ATOM 8426 C CZ2 . TRP B 1 546 -2.495 40.857 53.242 1
#
