data_rotag
#
loop_
_atom_site.group_PDB
_atom_site.id
_atom_site.type_symbol
_atom_site.label_atom_id
_atom_site.label_alt_id
_atom_site.label_comp_id
_atom_site.label_asym_id
_atom_site.label_entity_id
_atom_site.label_seq_id
_atom_site.Cartn_x
_atom_site.Cartn_y
_atom_site.Cartn_z
_atom_site.auth_asym_id
_atom_site.auth_seq_id
_atom_site.pdbx_PDB_model_num
_atom_site.[local]_selection_state
ATOM 148 N N . ASP A 1 27 -31.459 -9.382 -0.630 A 27 1 T
ATOM 149 C CA . ASP A 1 27 -32.444 -9.886 0.303 A 27 1 T
ATOM 150 C C . ASP A 1 27 -33.790 -10.232 -0.318 A 27 1 T
ATOM 151 O O . ASP A 1 27 -34.560 -10.956 0.317 A 27 1 T
ATOM 152 C CB . ASP A 1 27 -32.650 -8.892 1.445 A 27 1 T
ATOM 156 H H . ASP A 1 27 -31.436 -8.527 -0.724 A 27 1 T
ATOM 157 H HA . ASP A 1 27 -32.095 -10.702 0.695 A 27 1 T
ATOM 1929 C CG 1 ASP A 1 27 -31.728670 -9.135459 2.597900 A 27 1 T
ATOM 1930 O OD1 1 ASP A 1 27 -31.810145 -8.382966 3.584947 A 27 1 T
ATOM 1931 O OD2 1 ASP A 1 27 -30.933860 -10.093360 2.524822 A 27 1 T
ATOM 1932 H HB2 1 ASP A 1 27 -32.487302 -7.993761 1.115871 A 27 1 T
ATOM 1933 H HB3 1 ASP A 1 27 -33.561947 -8.966085 1.768469 A 27 1 T
HETATM 1934 MG MG 1 MG C 1 . -32.264767 -6.543784 4.144400 A 201 1 T
HETATM 1935 O O 1 HOH B 1 . -32.960512 -8.298043 5.722439 A 101 1 T
HETATM 1936 H H1 1 HOH B 1 . -33.077909 -7.991182 4.809765 A 101 1 T
HETATM 1937 H H2 1 HOH B 1 . -33.350903 -7.710028 6.387835 A 101 1 T
#
