data_rotag
#
loop_
_[local]_dihedral_angle.id
_[local]_dihedral_angle.label_comp_id
_[local]_dihedral_angle.label_seq_id
_[local]_dihedral_angle.label_asym_id
_[local]_dihedral_angle.pdbx_PDB_model_num
_[local]_dihedral_angle.label_alt_id
_[local]_dihedral_angle.atom_1_id
_[local]_dihedral_angle.label_atom_1_id
_[local]_dihedral_angle.atom_2_id
_[local]_dihedral_angle.label_atom_2_id
_[local]_dihedral_angle.atom_3_id
_[local]_dihedral_angle.label_atom_3_id
_[local]_dihedral_angle.atom_4_id
_[local]_dihedral_angle.label_atom_4_id
_[local]_dihedral_angle.type
_[local]_dihedral_angle.value
_[local]_dihedral_angle.units
1 ASP 219 A 1 . 1408 N 1409 CA 1412 CB 1413 CG chi1 -161.268 degrees
2 ASP 219 A 1 . 1409 CA 1412 CB 1413 CG 1414 OD1 chi2 65.155 degrees
#
