data_testing
#
loop_
_[local]_energy.id
_[local]_energy.atom_id
_[local]_energy.residue_id
_[local]_energy.chain
_[local]_energy.entity
_[local]_energy.alt
_[local]_energy.calculation_method
_[local]_energy.value
1 147 18 A 1 . leonard_jones 1.977
2 148 18 A 1 . leonard_jones -0.317
3 149 18 A 1 . leonard_jones -1.075
4 150 18 A 1 . leonard_jones 0.871
5 151 18 A 1 . leonard_jones 1.311
6 152 18 A 1 . leonard_jones 22.727
#
