0.118 -0.962 -0.247 -54.128 
0.593 0.268 -0.759 -110.543 
0.796 -0.057 0.602 -6.071 
0 0 0 1 

cos($chi0) -sin($chi0) 0 0 
sin($chi0) cos($chi0) 0 0 
0 0 1 0 
0 0 0 1 

1.232 
0.497 
2.030 
1 
