Error: rotag_rmsd: output format '?' is not supported.
