data_testing
#
loop_
_[local]_rotamer_energy.id
_[local]_rotamer_energy.label_seq_id
_[local]_rotamer_energy.label_asym_id
_[local]_rotamer_energy.pdbx_PDB_model_num
_[local]_rotamer_energy.label_alt_id
_[local]_rotamer_energy.calculation_method
_[local]_rotamer_energy.value
1 5 A 1 . composite 12.184236
2 5 B 1 A composite 22.784330
#
