data_rotag
#
loop_
_atom_site.group_PDB
_atom_site.id
_atom_site.type_symbol
_atom_site.label_atom_id
_atom_site.label_alt_id
_atom_site.label_comp_id
_atom_site.label_asym_id
_atom_site.label_entity_id
_atom_site.label_seq_id
_atom_site.Cartn_x
_atom_site.Cartn_y
_atom_site.Cartn_z
_atom_site.auth_asym_id
_atom_site.auth_seq_id
_atom_site.pdbx_PDB_model_num
_atom_site.[local]_selection_state
ATOM 148 N N . ASP A 1 27 -31.459 -9.382 -0.630 A 27 1 T
ATOM 149 C CA . ASP A 1 27 -32.444 -9.886 0.303 A 27 1 T
ATOM 150 C C . ASP A 1 27 -33.790 -10.232 -0.318 A 27 1 T
ATOM 151 O O . ASP A 1 27 -34.560 -10.956 0.317 A 27 1 T
ATOM 152 C CB . ASP A 1 27 -32.650 -8.892 1.445 A 27 1 T
ATOM 156 H H . ASP A 1 27 -31.436 -8.527 -0.724 A 27 1 T
ATOM 157 H HA . ASP A 1 27 -32.095 -10.702 0.695 A 27 1 T
ATOM 1926 C CG 1 ASP A 1 27 -32.065581 -9.365929 2.737728 A 27 1 T
ATOM 1927 C CG 2 ASP A 1 27 -32.065581 -9.365929 2.737728 A 27 1 T
ATOM 1928 C CG 3 ASP A 1 27 -32.065581 -9.365929 2.737728 A 27 1 T
ATOM 1929 C CG 4 ASP A 1 27 -32.065581 -9.365929 2.737728 A 27 1 T
ATOM 1930 C CG 5 ASP A 1 27 -32.065581 -9.365929 2.737728 A 27 1 T
ATOM 1931 O OD1 1 ASP A 1 27 -32.175867 -8.633145 3.736732 A 27 1 T
ATOM 1932 O OD1 2 ASP A 1 27 -32.175867 -8.633145 3.736732 A 27 1 T
ATOM 1933 O OD1 3 ASP A 1 27 -32.175867 -8.633145 3.736732 A 27 1 T
ATOM 1934 O OD1 4 ASP A 1 27 -32.175867 -8.633145 3.736732 A 27 1 T
ATOM 1935 O OD1 5 ASP A 1 27 -32.175867 -8.633145 3.736732 A 27 1 T
ATOM 1936 O OD2 1 ASP A 1 27 -31.511039 -10.482464 2.759385 A 27 1 T
ATOM 1937 O OD2 2 ASP A 1 27 -31.511039 -10.482464 2.759385 A 27 1 T
ATOM 1938 O OD2 3 ASP A 1 27 -31.511039 -10.482464 2.759385 A 27 1 T
ATOM 1939 O OD2 4 ASP A 1 27 -31.511039 -10.482464 2.759385 A 27 1 T
ATOM 1940 O OD2 5 ASP A 1 27 -31.511039 -10.482464 2.759385 A 27 1 T
ATOM 1941 H HB2 1 ASP A 1 27 -32.223730 -8.051514 1.213683 A 27 1 T
ATOM 1942 H HB2 2 ASP A 1 27 -32.223730 -8.051514 1.213683 A 27 1 T
ATOM 1943 H HB2 3 ASP A 1 27 -32.223730 -8.051514 1.213683 A 27 1 T
ATOM 1944 H HB2 4 ASP A 1 27 -32.223730 -8.051514 1.213683 A 27 1 T
ATOM 1945 H HB2 5 ASP A 1 27 -32.223730 -8.051514 1.213683 A 27 1 T
ATOM 1946 H HB3 1 ASP A 1 27 -33.601540 -8.755233 1.577801 A 27 1 T
ATOM 1947 H HB3 2 ASP A 1 27 -33.601540 -8.755233 1.577801 A 27 1 T
ATOM 1948 H HB3 3 ASP A 1 27 -33.601540 -8.755233 1.577801 A 27 1 T
ATOM 1949 H HB3 4 ASP A 1 27 -33.601540 -8.755233 1.577801 A 27 1 T
ATOM 1950 H HB3 5 ASP A 1 27 -33.601540 -8.755233 1.577801 A 27 1 T
HETATM 1951 MG MG 1 MG B 1 . -31.549400 -8.643799 6.083401 A 101 1 T
HETATM 1952 MG MG 2 MG B 1 . -30.882276 -8.018614 5.698467 A 101 1 T
HETATM 1953 MG MG 3 MG B 1 . -30.770998 -7.217951 5.123454 A 101 1 T
HETATM 1954 MG MG 4 MG B 1 . -31.258069 -6.547636 4.577997 A 101 1 T
HETATM 1955 MG MG 5 MG B 1 . -32.157446 -6.263706 4.270443 A 101 1 T
#
