0.537 -0.678 -0.502 34.297 
0.410 -0.310 0.858 2.104 
-0.737 -0.666 0.112 42.669 
0 0 0 1 

cos($chi0) -sin($chi0) 0 0 
sin($chi0) cos($chi0) 0 0 
0 0 1 0 
0 0 0 1 

-0.947 0.123 0.296 -1.59872115546023e-14 
-0.321 -0.364 -0.874 4.9737991503207e-14 
-3.05311331771918e-16 -0.923 0.384 1.533 
0 0 0 1 

cos($chi1) -sin($chi1) 0 0 
sin($chi1) cos($chi1) 0 0 
0 0 1 0 
0 0 0 1 

-1.000 
0.463 
2.109 
1 
