rotag_add [options] (--side-chains | --hydrogens) [--] <cif-file>...
    add pseudo atoms.
 
Usage:
    rotag_add --side-chains input.cif > output.cif
    rotag_add --hydrogens input.cif > output.cif
 
Options:
    -S, --side-chains
                        add atoms of defined rotamer. Input .cif has to
                        contain _[local]_rotamer_angle category (can be
                        produced with rotag_library).
    -H, --hydrogens
                        add hydrogen atoms to selected atoms.
    -a, --rotamer-angle-file
                        selects rotamer angles from the cif file.
    -j, --rotamer-angle-json-file
                        selects rotamer angles from the json file.
    -s, --selected
                        include selected atoms.
    --tags <tag>[,<tag>...]
                        select PDBx category that will be in the output.
                        (default: "_atom_site").
    -k, --keep-original
                        keep original atoms after new atoms are added
                        (applicable only for --side-chains option).
    -c, --clear-positions
                        add only those hydrogens that have clear positions from
                        the current structure (applicable for --hydrogens
                        option).
    -v, --version
                        print version.
