Warning: rotag_library: no atom sites, rotamer angles or energies were detected.
