data_rotag
#
loop_
_[local]_rmsd.id
_[local]_rmsd.group_1_id
_[local]_rmsd.atom_1_id
_[local]_rmsd.label_atom_1_id
_[local]_rmsd.label_seq_1_id
_[local]_rmsd.label_comp_1_id
_[local]_rmsd.label_asym_1_id
_[local]_rmsd.pdbx_PDB_model_num_1
_[local]_rmsd.label_alt_1_id
_[local]_rmsd.group_2_id
_[local]_rmsd.atom_2_id
_[local]_rmsd.label_atom_2_id
_[local]_rmsd.label_seq_2_id
_[local]_rmsd.label_comp_2_id
_[local]_rmsd.label_asym_2_id
_[local]_rmsd.pdbx_PDB_model_num_2
_[local]_rmsd.label_alt_2_id
_[local]_rmsd.value
1 7 1 CD 5 GLN A 1 . 4450 2 CD 5 GLN B 1 . 81.724625
1 6 1 CG 5 GLN A 1 . 4449 2 CG 5 GLN B 1 . 82.111960
1 9 1 NE2 5 GLN A 1 . 4452 2 NE2 5 GLN B 1 . 83.341973
1 8 1 OE1 5 GLN A 1 . 4451 2 OE1 5 GLN B 1 . 80.015761
2 3 3 C 5 GLN A 1 . 4446 4 C 5 GLN B 1 . 81.512002
2 2 3 CA 5 GLN A 1 . 4445 4 CA 5 GLN B 1 . 81.700237
2 5 3 CB 5 GLN A 1 . 4448 4 CB 5 GLN B 1 . 80.771771
2 1 3 N 5 GLN A 1 . 4444 4 N 5 GLN B 1 . 81.136144
2 4 3 O 5 GLN A 1 . 4447 4 O 5 GLN B 1 . 81.468551
#
