data_rotag
#
loop_
_atom_site.group_PDB
_atom_site.id
_atom_site.type_symbol
_atom_site.label_atom_id
_atom_site.label_alt_id
_atom_site.label_comp_id
_atom_site.label_asym_id
_atom_site.label_entity_id
_atom_site.label_seq_id
_atom_site.Cartn_x
_atom_site.Cartn_y
_atom_site.Cartn_z
_atom_site.pdbx_PDB_model_num
_atom_site.[local]_selection_state
ATOM 1561 N N . ASP A 1 97 19.397 19.668 17.564 1 T
ATOM 1562 C CA A ASP A 1 97 18.998 20.834 16.783 1 S
ATOM 1563 C CA B ASP A 1 97 19.125 20.833 16.744 1 T
ATOM 1564 C C . ASP A 1 97 18.689 20.462 15.336 1 T
ATOM 1565 O O . ASP A 1 97 17.695 20.964 14.832 1 T
ATOM 1566 C CB A ASP A 1 97 20.057 21.938 16.845 1 S
ATOM 1567 C CB B ASP A 1 97 20.410 21.678 16.729 1 T
ATOM 1568 C CG A ASP A 1 97 20.027 22.741 18.130 1 S
ATOM 1569 C CG B ASP A 1 97 20.345 22.934 15.916 1 T
ATOM 1570 O OD1 A ASP A 1 97 21.092 23.265 18.538 1 S
ATOM 1571 O OD1 B ASP A 1 97 19.376 23.710 16.021 1 T
ATOM 1572 O OD2 A ASP A 1 97 18.964 22.899 18.770 1 S
ATOM 1573 O OD2 B ASP A 1 97 21.298 23.197 15.137 1 T
ATOM 1574 H H . ASP A 1 97 20.187 19.644 17.951 1 T
ATOM 1575 H HA A ASP A 1 97 18.158 21.196 17.188 1 S
ATOM 1576 H HA B ASP A 1 97 18.397 21.365 17.176 1 T
ATOM 1577 H HB2 A ASP A 1 97 20.952 21.528 16.745 1 S
ATOM 1578 H HB2 B ASP A 1 97 20.635 21.921 17.662 1 T
ATOM 1579 H HB3 A ASP A 1 97 19.921 22.553 16.081 1 S
ATOM 1580 H HB3 B ASP A 1 97 21.149 21.118 16.381 1 T
#
loop_
_[local]_rotamer_angle.id
_[local]_rotamer_angle.rotamer_id
_[local]_rotamer_angle.label_seq_id
_[local]_rotamer_angle.label_comp_id
_[local]_rotamer_angle.label_asym_id
_[local]_rotamer_angle.pdbx_PDB_model_num
_[local]_rotamer_angle.label_alt_id
_[local]_rotamer_angle.frequency
_[local]_rotamer_angle.type
_[local]_rotamer_angle.value
_[local]_rotamer_angle.units
1 1 97 ASP A 1 B 0.250000 chi1 -180.000 degrees
2 1 97 ASP A 1 B 0.250000 chi2 -180.000 degrees
3 2 97 ASP A 1 B 0.250000 chi1 -180.000 degrees
4 2 97 ASP A 1 B 0.250000 chi2 -90.000 degrees
5 3 97 ASP A 1 B 0.250000 chi1 -180.000 degrees
6 3 97 ASP A 1 B 0.250000 chi2 0.000 degrees
7 4 97 ASP A 1 B 0.250000 chi1 -180.000 degrees
8 4 97 ASP A 1 B 0.250000 chi2 90.000 degrees
#
loop_
_[local]_rotamer_energy.id
_[local]_rotamer_energy.rotamer_id
_[local]_rotamer_energy.calculation_method
_[local]_rotamer_energy.value
1 1 composite 48.329262
2 2 composite 34.009566
3 3 composite 43.537218
4 4 composite 34.964695
#
