data_rotag
#
loop_
_atom_site.group_PDB
_atom_site.id
_atom_site.type_symbol
_atom_site.label_atom_id
_atom_site.label_alt_id
_atom_site.label_comp_id
_atom_site.label_asym_id
_atom_site.label_entity_id
_atom_site.label_seq_id
_atom_site.Cartn_x
_atom_site.Cartn_y
_atom_site.Cartn_z
_atom_site.pdbx_PDB_model_num
ATOM 8409 N N . PHE B 1 546 -2.622 35.396 50.174 1
ATOM 8410 C CA . PHE B 1 546 -3.888 36.087 50.407 1
ATOM 8411 C C . PHE B 1 546 -5.068 35.294 49.856 1
ATOM 8412 O O . PHE B 1 546 -6.155 35.313 50.423 1
ATOM 8417 C CB . PHE B 1 546 -3.781 37.491 49.739 1
ATOM 8418 C CG . PHE B 1 546 -4.233486 37.588411 48.272774 1
ATOM 8419 C CD1 . PHE B 1 546 -5.567851 37.892681 47.979454 1
ATOM 8420 C CD2 . PHE B 1 546 -3.344336 37.313640 47.230564 1
ATOM 8421 C CE1 . PHE B 1 546 -6.011106 37.904770 46.661303 1
ATOM 8422 C CE2 . PHE B 1 546 -3.786604 37.336800 45.909869 1
ATOM 8423 C CZ . PHE B 1 546 -5.119593 37.628624 45.626999 1
#
