152,151,148,147,OG,CB,CA,N,*,CT,CT,*,-68.029
152,151,148,149,OG,CB,CA,C,*,CT,CT,*,170.168
0
