-6.452	-109.795	55.320
-6.071	-110.543	54.128
-5.149	-111.705	54.506
-3.896	-111.220	54.962
